  console.log
    Γùç injected env (12) from .env.local // tip: Γîÿ custom filepath { path: '/custom/path/.env' }

      at _log (node_modules/dotenv/lib/main.js:131:11)

  console.error
    Org Create Auth Error: Error: Auth session missing!
        at setupMocks (C:\Users\guill\Projects\Mercado-Pago\src\__tests__\endpoints\organizations.test.ts:44:44)
        at Object.setupMocks (C:\Users\guill\Projects\Mercado-Pago\src\__tests__\endpoints\organizations.test.ts:82:9)
        at Promise.finally.completed (C:\Users\guill\Projects\Mercado-Pago\node_modules\jest-circus\build\jestAdapterInit.js:1557:28)
        at new Promise (<anonymous>)
        at callAsyncCircusFn (C:\Users\guill\Projects\Mercado-Pago\node_modules\jest-circus\build\jestAdapterInit.js:1497:10)
        at _callCircusTest (C:\Users\guill\Projects\Mercado-Pago\node_modules\jest-circus\build\jestAdapterInit.js:1007:40)
        at processTicksAndRejections (node:internal/process/task_queues:105:5)
        at _runTest (C:\Users\guill\Projects\Mercado-Pago\node_modules\jest-circus\build\jestAdapterInit.js:947:3)
        at C:\Users\guill\Projects\Mercado-Pago\node_modules\jest-circus\build\jestAdapterInit.js:849:7
        at _runTestsForDescribeBlock (C:\Users\guill\Projects\Mercado-Pago\node_modules\jest-circus\build\jestAdapterInit.js:862:11)
        at _runTestsForDescribeBlock (C:\Users\guill\Projects\Mercado-Pago\node_modules\jest-circus\build\jestAdapterInit.js:857:11)
        at run (C:\Users\guill\Projects\Mercado-Pago\node_modules\jest-circus\build\jestAdapterInit.js:761:3)
        at runAndTransformResultsToJestFormat (C:\Users\guill\Projects\Mercado-Pago\node_modules\jest-circus\build\jestAdapterInit.js:1918:21)
        at jestAdapter (C:\Users\guill\Projects\Mercado-Pago\node_modules\jest-circus\build\runner.js:101:19)
        at runTestInternal (C:\Users\guill\Projects\Mercado-Pago\node_modules\jest-runner\build\index.js:275:16)
        at runTest (C:\Users\guill\Projects\Mercado-Pago\node_modules\jest-runner\build\index.js:343:7)

    [0m [90m 11 |[39m   [36mconst[39m { data[33m:[39m { user }[33m,[39m error[33m:[39m authError } [33m=[39m [36mawait[39m supabase[33m.[39mauth[33m.[39mgetUser()
     [90m 12 |[39m   [36mif[39m (authError [33m||[39m [33m![39muser) {
    [31m[1m>[22m[39m[90m 13 |[39m     console[33m.[39merror([32m'Org Create Auth Error:'[39m[33m,[39m authError) [90m// Added log[39m
     [90m    |[39m             [31m[1m^[22m[39m
     [90m 14 |[39m     [36mreturn[39m [33mNextResponse[39m[33m.[39mjson({ error[33m:[39m [32m'Unauthorized'[39m }[33m,[39m { status[33m:[39m [35m401[39m })
     [90m 15 |[39m   }
     [90m 16 |[39m[0m

      at error (src/app/api/organizations/create/route.ts:13:13)
      at Object.<anonymous> (src/__tests__/endpoints/organizations.test.ts:88:21)

PASS src/__tests__/endpoints/organizations.test.ts
  API Route ΓÇ║ /api/organizations/list
    ΓêÜ returns empty list if user is authenticated and has no orgs (18 ms)
    ΓêÜ returns 401 if user is unauthenticated (5 ms)
  API Route ΓÇ║ /api/organizations/create
    ΓêÜ returns 401 if user is not authenticated (43 ms)
    ΓêÜ creates a new organization for an admin user (4 ms)

Test Suites: 1 passed, 1 total
Tests:       4 passed, 4 total
Snapshots:   0 total
Time:        4.32 s
Ran all test suites matching src/__tests__/endpoints/organizations.test.ts.
